PHPUnit 11.5.44 by Sebastian Bergmann and contributors.

Runtime:       PHP 8.3.26
Configuration: D:\Backend-appVM\ApiProyecto\phpunit.xml

EEE..E.E                                                            8 / 8 (100%)

Time: 00:00.784, Memory: 46.00 MB

There were 5 errors:

1) Tests\Unit\Services\EpSede\StaffAssignmentServiceTest::test_assign_creates_new_assignment_successfully
Spatie\Permission\Exceptions\RoleDoesNotExist: There is no role named `COORDINADOR` for guard `web`.

D:\Backend-appVM\ApiProyecto\vendor\spatie\laravel-permission\src\Exceptions\RoleDoesNotExist.php:11
D:\Backend-appVM\ApiProyecto\vendor\spatie\laravel-permission\src\Models\Role.php:111
D:\Backend-appVM\ApiProyecto\vendor\spatie\laravel-permission\src\Traits\HasRoles.php:419
D:\Backend-appVM\ApiProyecto\vendor\spatie\laravel-permission\src\Traits\HasRoles.php:131
D:\Backend-appVM\ApiProyecto\vendor\laravel\framework\src\Illuminate\Collections\Traits\EnumeratesValues.php:825
D:\Backend-appVM\ApiProyecto\vendor\spatie\laravel-permission\src\Traits\HasRoles.php:126
D:\Backend-appVM\ApiProyecto\vendor\spatie\laravel-permission\src\Traits\HasRoles.php:150
D:\Backend-appVM\ApiProyecto\app\Services\EpSede\StaffAssignmentService.php:252
D:\Backend-appVM\ApiProyecto\vendor\laravel\framework\src\Illuminate\Database\Concerns\ManagesTransactions.php:35
D:\Backend-appVM\ApiProyecto\vendor\laravel\framework\src\Illuminate\Database\DatabaseManager.php:489
D:\Backend-appVM\ApiProyecto\vendor\laravel\framework\src\Illuminate\Support\Facades\Facade.php:363
D:\Backend-appVM\ApiProyecto\app\Services\EpSede\StaffAssignmentService.php:159
D:\Backend-appVM\ApiProyecto\tests\Unit\Services\EpSede\StaffAssignmentServiceTest.php:32

2) Tests\Unit\Services\EpSede\StaffAssignmentServiceTest::test_assign_suspends_previous_assignment
Spatie\Permission\Exceptions\RoleDoesNotExist: There is no role named `COORDINADOR` for guard `web`.

D:\Backend-appVM\ApiProyecto\vendor\spatie\laravel-permission\src\Exceptions\RoleDoesNotExist.php:11
D:\Backend-appVM\ApiProyecto\vendor\spatie\laravel-permission\src\Models\Role.php:111
D:\Backend-appVM\ApiProyecto\vendor\spatie\laravel-permission\src\Traits\HasRoles.php:419
D:\Backend-appVM\ApiProyecto\vendor\spatie\laravel-permission\src\Traits\HasRoles.php:131
D:\Backend-appVM\ApiProyecto\vendor\laravel\framework\src\Illuminate\Collections\Traits\EnumeratesValues.php:825
D:\Backend-appVM\ApiProyecto\vendor\spatie\laravel-permission\src\Traits\HasRoles.php:126
D:\Backend-appVM\ApiProyecto\vendor\spatie\laravel-permission\src\Traits\HasRoles.php:201
D:\Backend-appVM\ApiProyecto\app\Services\EpSede\StaffAssignmentService.php:183
D:\Backend-appVM\ApiProyecto\vendor\laravel\framework\src\Illuminate\Database\Concerns\ManagesTransactions.php:35
D:\Backend-appVM\ApiProyecto\vendor\laravel\framework\src\Illuminate\Database\DatabaseManager.php:489
D:\Backend-appVM\ApiProyecto\vendor\laravel\framework\src\Illuminate\Support\Facades\Facade.php:363
D:\Backend-appVM\ApiProyecto\app\Services\EpSede\StaffAssignmentService.php:159
D:\Backend-appVM\ApiProyecto\tests\Unit\Services\EpSede\StaffAssignmentServiceTest.php:69

3) Tests\Unit\Services\EpSede\StaffAssignmentServiceTest::test_assign_enforces_exclusivity
Spatie\Permission\Exceptions\RoleDoesNotExist: There is no role named `ENCARGADO` for guard `web`.

D:\Backend-appVM\ApiProyecto\vendor\spatie\laravel-permission\src\Exceptions\RoleDoesNotExist.php:11
D:\Backend-appVM\ApiProyecto\vendor\spatie\laravel-permission\src\Models\Role.php:111
D:\Backend-appVM\ApiProyecto\vendor\spatie\laravel-permission\src\Traits\HasRoles.php:419
D:\Backend-appVM\ApiProyecto\vendor\spatie\laravel-permission\src\Traits\HasRoles.php:131
D:\Backend-appVM\ApiProyecto\vendor\laravel\framework\src\Illuminate\Collections\Traits\EnumeratesValues.php:825
D:\Backend-appVM\ApiProyecto\vendor\spatie\laravel-permission\src\Traits\HasRoles.php:126
D:\Backend-appVM\ApiProyecto\vendor\spatie\laravel-permission\src\Traits\HasRoles.php:201
D:\Backend-appVM\ApiProyecto\app\Services\EpSede\StaffAssignmentService.php:218
D:\Backend-appVM\ApiProyecto\vendor\laravel\framework\src\Illuminate\Database\Concerns\ManagesTransactions.php:35
D:\Backend-appVM\ApiProyecto\vendor\laravel\framework\src\Illuminate\Database\DatabaseManager.php:489
D:\Backend-appVM\ApiProyecto\vendor\laravel\framework\src\Illuminate\Support\Facades\Facade.php:363
D:\Backend-appVM\ApiProyecto\app\Services\EpSede\StaffAssignmentService.php:159
D:\Backend-appVM\ApiProyecto\tests\Unit\Services\EpSede\StaffAssignmentServiceTest.php:105

4) Tests\Unit\Services\EpSede\StaffAssignmentServiceTest::test_unassign_suspends_assignment
Spatie\Permission\Exceptions\RoleDoesNotExist: There is no role named `COORDINADOR` for guard `web`.

D:\Backend-appVM\ApiProyecto\vendor\spatie\laravel-permission\src\Exceptions\RoleDoesNotExist.php:11
D:\Backend-appVM\ApiProyecto\vendor\spatie\laravel-permission\src\Models\Role.php:111
D:\Backend-appVM\ApiProyecto\vendor\spatie\laravel-permission\src\Traits\HasRoles.php:419
D:\Backend-appVM\ApiProyecto\vendor\spatie\laravel-permission\src\Traits\HasRoles.php:131
D:\Backend-appVM\ApiProyecto\vendor\laravel\framework\src\Illuminate\Collections\Traits\EnumeratesValues.php:825
D:\Backend-appVM\ApiProyecto\vendor\spatie\laravel-permission\src\Traits\HasRoles.php:126
D:\Backend-appVM\ApiProyecto\vendor\spatie\laravel-permission\src\Traits\HasRoles.php:201
D:\Backend-appVM\ApiProyecto\app\Services\EpSede\StaffAssignmentService.php:311
D:\Backend-appVM\ApiProyecto\vendor\laravel\framework\src\Illuminate\Database\Concerns\ManagesTransactions.php:35
D:\Backend-appVM\ApiProyecto\vendor\laravel\framework\src\Illuminate\Database\DatabaseManager.php:489
D:\Backend-appVM\ApiProyecto\vendor\laravel\framework\src\Illuminate\Support\Facades\Facade.php:363
D:\Backend-appVM\ApiProyecto\app\Services\EpSede\StaffAssignmentService.php:296
D:\Backend-appVM\ApiProyecto\tests\Unit\Services\EpSede\StaffAssignmentServiceTest.php:175

5) Tests\Unit\Services\EpSede\StaffAssignmentServiceTest::test_history_returns_logs
BadMethodCallException: Call to undefined method App\Models\EpSedeStaffHistorial::factory()

D:\Backend-appVM\ApiProyecto\vendor\laravel\framework\src\Illuminate\Support\Traits\ForwardsCalls.php:67
D:\Backend-appVM\ApiProyecto\vendor\laravel\framework\src\Illuminate\Support\Traits\ForwardsCalls.php:36
D:\Backend-appVM\ApiProyecto\vendor\laravel\framework\src\Illuminate\Database\Eloquent\Model.php:2540
D:\Backend-appVM\ApiProyecto\vendor\laravel\framework\src\Illuminate\Database\Eloquent\Model.php:2556
D:\Backend-appVM\ApiProyecto\tests\Unit\Services\EpSede\StaffAssignmentServiceTest.php:221

ERRORS!
Tests: 8, Assertions: 5, Errors: 5.
